#-----------------------------------------------------------
# Vivado v2024.1 (64-bit)
# SW Build 5076996 on Wed May 22 18:36:09 MDT 2024
# IP Build 5075265 on Wed May 22 21:45:21 MDT 2024
# SharedData Build 5076995 on Wed May 22 18:29:18 MDT 2024
# Start of session at: Fri Nov 29 18:27:26 2024
# Process ID: 114815
# Current directory: /home/jayakrushnan/code_base/mybase/Zync_vivado_project/Zync_vivado_project.runs/synth_1
# Command line: vivado -log zynq7000_preset_wrapper.vds -product Vivado -mode batch -messageDb vivado.pb -notrace -source zynq7000_preset_wrapper.tcl
# Log file: /home/jayakrushnan/code_base/mybase/Zync_vivado_project/Zync_vivado_project.runs/synth_1/zynq7000_preset_wrapper.vds
# Journal file: /home/jayakrushnan/code_base/mybase/Zync_vivado_project/Zync_vivado_project.runs/synth_1/vivado.jou
# Running On        :jayakrishnan-avionics
# Platform          :Ubuntu
# Operating System  :Ubuntu 22.04.5 LTS
# Processor Detail  :12th Gen Intel(R) Core(TM) i5-1245U
# CPU Frequency     :3959.890 MHz
# CPU Physical cores:10
# CPU Logical cores :12
# Host memory       :16439 MB
# Swap memory       :2147 MB
# Total Virtual     :18586 MB
# Available Virtual :12857 MB
#-----------------------------------------------------------
source zynq7000_preset_wrapper.tcl -notrace
